Completed seed 1/4
Completed seed 2/4
Completed seed 3/4
Completed seed 4/4
┌─────────┬────────────┬───────┬──────┬──────────┬─────────┬────────┬──────┬────────┬──────┬───────┬─────────┬───────┬───────┬──────┬──────┬──────┬──────────────┐
│ (index) │ tribe      │ route │ tier │ cardTier │ body    │ golden │ core │ spells │ army │ arms  │ prayers │ blood │ scrap │ pvp  │ late │ draw │ probes       │
├─────────┼────────────┼───────┼──────┼──────────┼─────────┼────────┼──────┼────────┼──────┼───────┼─────────┼───────┼───────┼──────┼──────┼──────┼──────────────┤
│ 0       │ 'forest'   │ 0     │ 6    │ 4.18     │ 4210    │ 1      │ 1.75 │ 62.25  │ 0    │ 0     │ 10.5    │ 3     │ 0     │ 0.59 │ 0.59 │ 0.02 │ '1/1/1'      │
│ 1       │ 'forest'   │ 1     │ 6    │ 4.5      │ 1546.5  │ 1.25   │ 2.25 │ 45.75  │ 22.5 │ 0     │ 9.25    │ 2.25  │ 0     │ 0.66 │ 0.59 │ 0.02 │ '1/1/1'      │
│ 2       │ 'royal'    │ 0     │ 6    │ 4.36     │ 1488.25 │ 0.5    │ 2    │ 38.25  │ 0    │ 0.5   │ 10.5    │ 8.25  │ 7.5   │ 0.45 │ 0.48 │ 0.02 │ '1/1/0.75'   │
│ 3       │ 'royal'    │ 1     │ 6    │ 4.05     │ 1424.75 │ 1.5    │ 1.5  │ 33.75  │ 0    │ 12.5  │ 10      │ 7.5   │ 5     │ 0.45 │ 0.43 │ 0.03 │ '1/1/0.75'   │
│ 4       │ 'dragon'   │ 0     │ 6    │ 4.11     │ 1656.75 │ 1.5    │ 2.5  │ 57.25  │ 0    │ 36.25 │ 10.75   │ 7     │ 19.75 │ 0.23 │ 0.17 │ 0.03 │ '1/0.75/0.5' │
│ 5       │ 'dragon'   │ 1     │ 6    │ 4.54     │ 1931.75 │ 1.5    │ 2.25 │ 55.75  │ 0    │ 33    │ 9       │ 8     │ 13.5  │ 0.25 │ 0.48 │ 0.05 │ '1/1/1'      │
│ 6       │ 'night'    │ 0     │ 6    │ 4.61     │ 1475.25 │ 0.75   │ 2.25 │ 31.5   │ 0    │ 4.25  │ 13.25   │ 8.25  │ 4.75  │ 0.34 │ 0.3  │ 0    │ '1/1/1'      │
│ 7       │ 'night'    │ 1     │ 6    │ 4.62     │ 2113.25 │ 1      │ 1.75 │ 36.5   │ 0    │ 7.25  │ 13      │ 7.75  │ 10.5  │ 0.31 │ 0.43 │ 0.02 │ '1/1/0.75'   │
│ 8       │ 'rune'     │ 0     │ 6    │ 3.61     │ 3669.5  │ 0.25   │ 3.5  │ 110    │ 0    │ 39.75 │ 8.75    │ 5.75  │ 7.25  │ 0.34 │ 0.56 │ 0.02 │ '1/1/1'      │
│ 9       │ 'rune'     │ 1     │ 6    │ 3.86     │ 4207.25 │ 1.25   │ 2.25 │ 79.75  │ 0.25 │ 40.5  │ 10.25   │ 6     │ 9.5   │ 0.38 │ 0.76 │ 0.02 │ '1/1/1'      │
│ 10      │ 'haven'    │ 0     │ 6    │ 4.25     │ 4511.75 │ 0.75   │ 2    │ 27.5   │ 0    │ 6.75  │ 23      │ 17.5  │ 2.5   │ 0.42 │ 0.7  │ 0    │ '1/1/1'      │
│ 11      │ 'haven'    │ 1     │ 6    │ 3.96     │ 1680.25 │ 1.75   │ 1.5  │ 23.75  │ 0    │ 6.75  │ 19.5    │ 8.75  │ 2.5   │ 0.33 │ 0.17 │ 0    │ '1/1/0.5'    │
│ 12      │ 'blood'    │ 0     │ 6    │ 3.96     │ 2079.25 │ 1.5    │ 1.75 │ 43.75  │ 0    │ 15.75 │ 10      │ 34.25 │ 5.75  │ 0.67 │ 0.54 │ 0.02 │ '1/1/1'      │
│ 13      │ 'blood'    │ 1     │ 6    │ 4.25     │ 1394.25 │ 1.5    │ 2.5  │ 34.5   │ 0    │ 10.25 │ 9.75    │ 22.5  │ 9.25  │ 0.55 │ 0.36 │ 0.02 │ '1/1/1'      │
│ 14      │ 'artifact' │ 0     │ 6    │ 4.49     │ 2146    │ 0.25   │ 2    │ 52     │ 0    │ 72.75 │ 9       │ 0     │ 70    │ 0.41 │ 0.71 │ 0.02 │ '1/1/1'      │
│ 15      │ 'artifact' │ 1     │ 6    │ 4.43     │ 2713    │ 0.5    │ 2.75 │ 54     │ 0    │ 41.25 │ 10      │ 0     │ 74.25 │ 0.58 │ 0.75 │ 0    │ '1/1/1'      │
└─────────┴────────────┴───────┴──────┴──────────┴─────────┴────────┴──────┴────────┴──────┴───────┴─────────┴───────┴───────┴──────┴──────┴──────┴──────────────┘
Saved E:\列乌尼斯\鱼友乐园\dusk-tavern\qa\archetypes-after.json
