Completed seed 1/4
Completed seed 2/4
Completed seed 3/4
Completed seed 4/4
┌─────────┬────────────┬───────┬──────┬──────────┬─────────┬────────┬──────┬────────┬──────┬───────┬─────────┬───────┬───────┬──────┬──────┬──────┬───────────────┐
│ (index) │ tribe      │ route │ tier │ cardTier │ body    │ golden │ core │ spells │ army │ arms  │ prayers │ blood │ scrap │ pvp  │ late │ draw │ probes        │
├─────────┼────────────┼───────┼──────┼──────────┼─────────┼────────┼──────┼────────┼──────┼───────┼─────────┼───────┼───────┼──────┼──────┼──────┼───────────────┤
│ 0       │ 'forest'   │ 0     │ 6    │ 4.43     │ 2825    │ 1      │ 2    │ 35.75  │ 6    │ 0     │ 11.25   │ 3.25  │ 0     │ 0.52 │ 0.53 │ 0    │ '1/1/1'       │
│ 1       │ 'forest'   │ 1     │ 6    │ 4.64     │ 1431.5  │ 2      │ 2.75 │ 32.75  │ 12   │ 0     │ 9.25    │ 2.75  │ 0     │ 0.55 │ 0.36 │ 0.05 │ '1/1/0.75'    │
│ 2       │ 'royal'    │ 0     │ 6    │ 4.29     │ 2158.75 │ 1.25   │ 1.75 │ 40     │ 0    │ 8     │ 11.75   │ 7.75  │ 10.75 │ 0.45 │ 0.68 │ 0.08 │ '1/1/1'       │
│ 3       │ 'royal'    │ 1     │ 6    │ 4.29     │ 2244    │ 0.75   │ 2    │ 45.5   │ 0    │ 9.75  │ 12      │ 7     │ 15.25 │ 0.38 │ 0.42 │ 0.07 │ '1/1/0.75'    │
│ 4       │ 'dragon'   │ 0     │ 6    │ 4.86     │ 2520.75 │ 2      │ 2.25 │ 24.25  │ 0    │ 7.5   │ 8       │ 6.25  │ 7.25  │ 0.3  │ 0.32 │ 0.03 │ '1/0.75/0.75' │
│ 5       │ 'dragon'   │ 1     │ 6    │ 4.61     │ 1934.5  │ 1      │ 1.75 │ 27.5   │ 0    │ 4.25  │ 9.25    │ 7.25  │ 5     │ 0.27 │ 0.33 │ 0.05 │ '1/0.75/0.5'  │
│ 6       │ 'night'    │ 0     │ 6    │ 4.64     │ 1553.25 │ 1.25   │ 2.5  │ 33.5   │ 0    │ 12    │ 13.75   │ 6.25  │ 16.75 │ 0.5  │ 0.45 │ 0.07 │ '1/1/1'       │
│ 7       │ 'night'    │ 1     │ 6    │ 4.89     │ 2395.5  │ 1.75   │ 2.25 │ 32.75  │ 0    │ 7.75  │ 13.25   │ 8.5   │ 4.5   │ 0.45 │ 0.61 │ 0.02 │ '1/1/1'       │
│ 8       │ 'rune'     │ 0     │ 6    │ 3.79     │ 3295.75 │ 1.25   │ 2.5  │ 95.75  │ 0    │ 19.75 │ 9.5     │ 3.5   │ 9     │ 0.44 │ 0.46 │ 0.02 │ '1/1/0.75'    │
│ 9       │ 'rune'     │ 1     │ 6    │ 4.14     │ 6880.5  │ 1.5    │ 2.5  │ 80.5   │ 0    │ 19.5  │ 10      │ 2.75  │ 11.5  │ 0.44 │ 0.83 │ 0.02 │ '1/1/1'       │
│ 10      │ 'haven'    │ 0     │ 6    │ 4.14     │ 3234.5  │ 1      │ 2.25 │ 32.75  │ 0    │ 20    │ 22.5    │ 6.75  │ 13.5  │ 0.45 │ 0.53 │ 0.02 │ '1/1/1'       │
│ 11      │ 'haven'    │ 1     │ 6    │ 3.92     │ 1802.5  │ 0.5    │ 2    │ 23     │ 0    │ 9.75  │ 17.75   │ 9.25  │ 7.75  │ 0.31 │ 0.31 │ 0.02 │ '1/1/0.75'    │
│ 12      │ 'blood'    │ 0     │ 6    │ 4.83     │ 1763    │ 1      │ 2    │ 34.75  │ 0    │ 5.5   │ 9.5     │ 32.5  │ 10    │ 0.53 │ 0.47 │ 0    │ '1/1/1'       │
│ 13      │ 'blood'    │ 1     │ 6    │ 4.93     │ 1373.75 │ 1.75   │ 1    │ 30.5   │ 0    │ 7.75  │ 11      │ 26.5  │ 9.75  │ 0.48 │ 0.28 │ 0.05 │ '1/1/1'       │
│ 14      │ 'artifact' │ 0     │ 6    │ 4.84     │ 2884.75 │ 2.25   │ 1.5  │ 52     │ 0    │ 53.75 │ 8.5     │ 0     │ 54    │ 0.53 │ 0.65 │ 0    │ '1/1/1'       │
│ 15      │ 'artifact' │ 1     │ 6    │ 4.71     │ 2996    │ 0.5    │ 3    │ 56.25  │ 0    │ 59    │ 10.25   │ 0     │ 76.25 │ 0.55 │ 0.81 │ 0.02 │ '1/1/1'       │
└─────────┴────────────┴───────┴──────┴──────────┴─────────┴────────┴──────┴────────┴──────┴───────┴─────────┴───────┴───────┴──────┴──────┴──────┴───────────────┘
Saved E:\列乌尼斯\鱼友乐园\dusk-tavern\qa\market-after.json
