Completed seed 1/4
Completed seed 2/4
Completed seed 3/4
Completed seed 4/4
┌─────────┬────────────┬───────┬──────┬──────────┬─────────┬────────┬──────┬────────┬──────┬───────┬─────────┬───────┬───────┬──────┬──────┬──────┬────────────┐
│ (index) │ tribe      │ route │ tier │ cardTier │ body    │ golden │ core │ spells │ army │ arms  │ prayers │ blood │ scrap │ pvp  │ late │ draw │ probes     │
├─────────┼────────────┼───────┼──────┼──────────┼─────────┼────────┼──────┼────────┼──────┼───────┼─────────┼───────┼───────┼──────┼──────┼──────┼────────────┤
│ 0       │ 'forest'   │ 0     │ 6    │ 4.18     │ 4215    │ 1      │ 1.75 │ 62.25  │ 0    │ 0     │ 10.5    │ 3     │ 0     │ 0.59 │ 0.63 │ 0.03 │ '1/1/1'    │
│ 1       │ 'forest'   │ 1     │ 6    │ 4.57     │ 1558.25 │ 1.25   │ 2.25 │ 46     │ 31.5 │ 0     │ 9.25    │ 2.25  │ 0     │ 0.61 │ 0.52 │ 0.1  │ '1/1/1'    │
│ 2       │ 'royal'    │ 0     │ 6    │ 4.29     │ 1601.25 │ 2      │ 2.5  │ 35     │ 0    │ 6.5   │ 11.5    │ 6.75  │ 17.25 │ 0.5  │ 0.47 │ 0.03 │ '1/1/0.75' │
│ 3       │ 'royal'    │ 1     │ 6    │ 4.5      │ 2053.25 │ 1.5    │ 3.25 │ 41.5   │ 0    │ 6.25  │ 12.75   │ 8     │ 14.25 │ 0.41 │ 0.41 │ 0.12 │ '1/1/1'    │
│ 4       │ 'dragon'   │ 0     │ 6    │ 4.14     │ 1996.5  │ 1      │ 1.25 │ 59.5   │ 0    │ 44.75 │ 11      │ 7     │ 30.25 │ 0.25 │ 0.35 │ 0.03 │ '1/1/0.75' │
│ 5       │ 'dragon'   │ 1     │ 6    │ 4.46     │ 2067.75 │ 1.25   │ 2    │ 58.75  │ 0    │ 43    │ 9.75    │ 7.5   │ 30.5  │ 0.3  │ 0.62 │ 0.1  │ '1/1/1'    │
│ 6       │ 'night'    │ 0     │ 6    │ 4.54     │ 1885.5  │ 1      │ 1.5  │ 32     │ 0    │ 2     │ 13.75   │ 8.5   │ 11    │ 0.38 │ 0.38 │ 0.12 │ '1/1/1'    │
│ 7       │ 'night'    │ 1     │ 6    │ 4.58     │ 2059.5  │ 0.75   │ 2.75 │ 39     │ 0    │ 14.5  │ 13.25   │ 7.25  │ 15    │ 0.34 │ 0.57 │ 0.1  │ '1/1/1'    │
│ 8       │ 'rune'     │ 0     │ 6    │ 3.64     │ 3067    │ 0.25   │ 3.5  │ 98.75  │ 0    │ 42.25 │ 9.5     │ 5.25  │ 12    │ 0.31 │ 0.38 │ 0.05 │ '1/1/1'    │
│ 9       │ 'rune'     │ 1     │ 6    │ 3.89     │ 3903    │ 1      │ 2    │ 82.75  │ 0.25 │ 42.5  │ 10.25   │ 5.5   │ 16    │ 0.36 │ 0.63 │ 0.05 │ '1/1/1'    │
│ 10      │ 'haven'    │ 0     │ 6    │ 4        │ 3918.25 │ 1.25   │ 1.75 │ 27.75  │ 0    │ 13.25 │ 21.75   │ 14    │ 12.5  │ 0.39 │ 0.53 │ 0    │ '1/1/1'    │
│ 11      │ 'haven'    │ 1     │ 6    │ 3.93     │ 1534.5  │ 1.75   │ 1.75 │ 23     │ 0    │ 13    │ 18.5    │ 10.75 │ 8     │ 0.22 │ 0.05 │ 0    │ '1/1/0.5'  │
│ 12      │ 'blood'    │ 0     │ 6    │ 3.96     │ 2075    │ 1.5    │ 1.75 │ 43.75  │ 0    │ 15.75 │ 10      │ 34.25 │ 6     │ 0.63 │ 0.49 │ 0.02 │ '1/1/1'    │
│ 13      │ 'blood'    │ 1     │ 6    │ 4.43     │ 1365.75 │ 1.25   │ 2.5  │ 34.75  │ 0    │ 10.25 │ 9.75    │ 22.5  │ 9     │ 0.52 │ 0.33 │ 0.07 │ '1/1/1'    │
│ 14      │ 'artifact' │ 0     │ 6    │ 4.57     │ 2482.25 │ 1      │ 1.25 │ 53     │ 0    │ 66.75 │ 9.25    │ 0     │ 68.25 │ 0.45 │ 0.83 │ 0.07 │ '1/1/1'    │
│ 15      │ 'artifact' │ 1     │ 6    │ 4.39     │ 2828.75 │ 1      │ 2.75 │ 51.25  │ 0    │ 43.25 │ 9.75    │ 0     │ 75.75 │ 0.61 │ 0.83 │ 0.02 │ '1/1/1'    │
└─────────┴────────────┴───────┴──────┴──────────┴─────────┴────────┴──────┴────────┴──────┴───────┴─────────┴───────┴───────┴──────┴──────┴──────┴────────────┘
Saved E:\列乌尼斯\鱼友乐园\dusk-tavern\qa\qa\royal-before.json
