Completed seed 1/4
Completed seed 2/4
Completed seed 3/4
Completed seed 4/4
┌─────────┬────────────┬───────┬──────┬──────────┬─────────┬────────┬──────┬────────┬──────┬───────┬─────────┬───────┬───────┬──────┬──────┬──────┬────────────┐
│ (index) │ tribe      │ route │ tier │ cardTier │ body    │ golden │ core │ spells │ army │ arms  │ prayers │ blood │ scrap │ pvp  │ late │ draw │ probes     │
├─────────┼────────────┼───────┼──────┼──────────┼─────────┼────────┼──────┼────────┼──────┼───────┼─────────┼───────┼───────┼──────┼──────┼──────┼────────────┤
│ 0       │ 'forest'   │ 0     │ 6    │ 4.14     │ 4245.5  │ 1      │ 1.75 │ 62.5   │ 0    │ 0     │ 10.5    │ 3     │ 0     │ 0.61 │ 0.5  │ 0.03 │ '1/1/1'    │
│ 1       │ 'forest'   │ 1     │ 6    │ 4.46     │ 1579    │ 1.25   │ 2    │ 46     │ 33   │ 0     │ 9.75    │ 2.25  │ 0     │ 0.67 │ 0.55 │ 0.1  │ '1/1/1'    │
│ 2       │ 'royal'    │ 0     │ 6    │ 4.29     │ 2189.75 │ 1      │ 2.5  │ 39     │ 0    │ 5     │ 11.75   │ 7     │ 17.25 │ 0.55 │ 0.68 │ 0.03 │ '1/1/1'    │
│ 3       │ 'royal'    │ 1     │ 6    │ 4.61     │ 1920.25 │ 1      │ 2    │ 42.75  │ 0    │ 7.5   │ 12.5    │ 4.75  │ 19    │ 0.48 │ 0.63 │ 0.07 │ '1/1/1'    │
│ 4       │ 'dragon'   │ 0     │ 6    │ 4.14     │ 1911.25 │ 1      │ 1.25 │ 59.5   │ 0    │ 45.5  │ 11      │ 7     │ 31.5  │ 0.23 │ 0.35 │ 0.03 │ '1/1/0.75' │
│ 5       │ 'dragon'   │ 1     │ 6    │ 4.57     │ 2021.75 │ 1      │ 2.25 │ 58.75  │ 0    │ 44.5  │ 10      │ 8.5   │ 31.75 │ 0.28 │ 0.66 │ 0.08 │ '1/1/1'    │
│ 6       │ 'night'    │ 0     │ 6    │ 4.64     │ 1659.75 │ 0.75   │ 2    │ 31.25  │ 0    │ 2     │ 13.5    │ 7.25  │ 11    │ 0.34 │ 0.33 │ 0.05 │ '1/1/1'    │
│ 7       │ 'night'    │ 1     │ 6    │ 4.5      │ 2435    │ 0.5    │ 1.75 │ 36.25  │ 0    │ 14.25 │ 13.75   │ 7.75  │ 16.75 │ 0.27 │ 0.53 │ 0.07 │ '1/1/1'    │
│ 8       │ 'rune'     │ 0     │ 6    │ 3.75     │ 4134    │ 0.5    │ 3    │ 97.75  │ 0    │ 42.5  │ 9.5     │ 5.25  │ 11.5  │ 0.38 │ 0.48 │ 0.02 │ '1/1/1'    │
│ 9       │ 'rune'     │ 1     │ 6    │ 4.07     │ 3762    │ 0.5    │ 1.75 │ 82     │ 0.25 │ 44.75 │ 9.5     │ 5.5   │ 13    │ 0.34 │ 0.64 │ 0.08 │ '1/1/1'    │
│ 10      │ 'haven'    │ 0     │ 6    │ 4.57     │ 4211    │ 1      │ 2.25 │ 29.25  │ 0    │ 13.25 │ 23      │ 14    │ 12.25 │ 0.36 │ 0.49 │ 0.02 │ '1/1/0.75' │
│ 11      │ 'haven'    │ 1     │ 6    │ 3.96     │ 1425.75 │ 1.25   │ 1.75 │ 23.25  │ 0    │ 12.25 │ 18.5    │ 10.75 │ 10    │ 0.3  │ 0.09 │ 0.02 │ '1/1/0.25' │
│ 12      │ 'blood'    │ 0     │ 6    │ 3.86     │ 1761.25 │ 1.5    │ 2.25 │ 41     │ 3    │ 9.5   │ 10      │ 31.25 │ 6.25  │ 0.55 │ 0.32 │ 0.03 │ '1/1/1'    │
│ 13      │ 'blood'    │ 1     │ 6    │ 4.21     │ 1192.25 │ 1.5    │ 2.75 │ 35.25  │ 0    │ 19.75 │ 10      │ 21    │ 6.5   │ 0.48 │ 0.21 │ 0.02 │ '1/1/0.75' │
│ 14      │ 'artifact' │ 0     │ 6    │ 4.57     │ 2490.25 │ 1      │ 1.5  │ 52.75  │ 0    │ 66.5  │ 9.25    │ 0     │ 70    │ 0.44 │ 0.79 │ 0.02 │ '1/1/1'    │
│ 15      │ 'artifact' │ 1     │ 6    │ 4.4      │ 2777.5  │ 0.75   │ 2.75 │ 51.25  │ 0    │ 45.5  │ 9.75    │ 0     │ 79    │ 0.59 │ 0.75 │ 0.03 │ '1/1/1'    │
└─────────┴────────────┴───────┴──────┴──────────┴─────────┴────────┴──────┴────────┴──────┴───────┴─────────┴───────┴───────┴──────┴──────┴──────┴────────────┘
Saved E:\列乌尼斯\鱼友乐园\dusk-tavern\qa\royal-after.json
