Completed seed 1/4
Completed seed 2/4
Completed seed 3/4
Completed seed 4/4
┌─────────┬────────────┬───────┬──────┬──────────┬─────────┬────────┬──────┬────────┬──────┬───────┬─────────┬───────┬───────┬──────┬──────┬──────┬───────────────┐
│ (index) │ tribe      │ route │ tier │ cardTier │ body    │ golden │ core │ spells │ army │ arms  │ prayers │ blood │ scrap │ pvp  │ late │ draw │ probes        │
├─────────┼────────────┼───────┼──────┼──────────┼─────────┼────────┼──────┼────────┼──────┼───────┼─────────┼───────┼───────┼──────┼──────┼──────┼───────────────┤
│ 0       │ 'forest'   │ 0     │ 6    │ 3.14     │ 7107    │ 1.75   │ 2.5  │ 33.25  │ 52   │ 0     │ 9.5     │ 3.75  │ 0     │ 0.58 │ 0.55 │ 0    │ '1/1/0.75'    │
│ 1       │ 'forest'   │ 1     │ 6    │ 3.98     │ 3517    │ 3      │ 0.75 │ 38.75  │ 34   │ 0     │ 11.25   │ 3.25  │ 0     │ 0.69 │ 0.66 │ 0.05 │ '1/1/0.75'    │
│ 2       │ 'royal'    │ 0     │ 6    │ 3.82     │ 1980.75 │ 1.25   │ 1.75 │ 37.75  │ 0    │ 2     │ 9.75    │ 5     │ 0.25  │ 0.48 │ 0.45 │ 0    │ '1/1/1'       │
│ 3       │ 'royal'    │ 1     │ 6    │ 3.86     │ 2871.5  │ 1.25   │ 1.5  │ 34     │ 0    │ 1.5   │ 10.25   │ 4.25  │ 0     │ 0.41 │ 0.48 │ 0.03 │ '1/1/1'       │
│ 4       │ 'dragon'   │ 0     │ 6    │ 3.89     │ 1900    │ 2.5    │ 1.5  │ 37.5   │ 0.5  │ 3.25  │ 12.25   │ 6.75  │ 2.75  │ 0.38 │ 0.4  │ 0.07 │ '1/1/1'       │
│ 5       │ 'dragon'   │ 1     │ 6    │ 4.21     │ 1846.25 │ 2      │ 1    │ 37.25  │ 0.5  │ 12    │ 12.25   │ 9     │ 3.5   │ 0.3  │ 0.38 │ 0.02 │ '1/0.75/0.75' │
│ 6       │ 'night'    │ 0     │ 6    │ 4.46     │ 2084    │ 2.5    │ 1    │ 31.25  │ 0    │ 2.75  │ 13.25   │ 7     │ 10    │ 0.59 │ 0.64 │ 0.02 │ '1/1/1'       │
│ 7       │ 'night'    │ 1     │ 6    │ 4.39     │ 1834    │ 1.5    │ 2    │ 33.25  │ 0    │ 1.75  │ 12      │ 6.25  │ 11.5  │ 0.39 │ 0.33 │ 0.07 │ '1/1/0.75'    │
│ 8       │ 'rune'     │ 0     │ 6    │ 3.64     │ 3304    │ 1      │ 2    │ 67.25  │ 0    │ 28    │ 15.25   │ 4     │ 9.25  │ 0.36 │ 0.49 │ 0.05 │ '1/1/1'       │
│ 9       │ 'rune'     │ 1     │ 6    │ 4.11     │ 3464.25 │ 1.25   │ 0.5  │ 63     │ 0    │ 21.5  │ 9.75    │ 5     │ 5.5   │ 0.28 │ 0.42 │ 0.03 │ '1/0.75/0.75' │
│ 10      │ 'haven'    │ 0     │ 6    │ 3.68     │ 2068.75 │ 1.5    │ 0.75 │ 38     │ 0    │ 8.5   │ 18.25   │ 3.5   │ 4.5   │ 0.28 │ 0.28 │ 0.08 │ '1/1/0.75'    │
│ 11      │ 'haven'    │ 1     │ 6    │ 3.04     │ 6633    │ 1.75   │ 1    │ 31.25  │ 0    │ 1.25  │ 22.75   │ 2     │ 3     │ 0.41 │ 0.49 │ 0.02 │ '1/1/0.5'     │
│ 12      │ 'blood'    │ 0     │ 6    │ 3.89     │ 2207.25 │ 2.5    │ 2    │ 29     │ 0    │ 1.75  │ 9       │ 37.5  │ 1     │ 0.67 │ 0.52 │ 0.07 │ '1/1/1'       │
│ 13      │ 'blood'    │ 1     │ 6    │ 4.75     │ 1438.25 │ 1.75   │ 1.5  │ 34     │ 0    │ 4.25  │ 10.5    │ 33.25 │ 2.5   │ 0.48 │ 0.33 │ 0.02 │ '1/1/1'       │
│ 14      │ 'artifact' │ 0     │ 6    │ 4.43     │ 3888.25 │ 2      │ 1    │ 59     │ 0    │ 57.25 │ 11      │ 0     │ 66.75 │ 0.52 │ 0.81 │ 0.02 │ '1/1/1'       │
│ 15      │ 'artifact' │ 1     │ 6    │ 3.89     │ 5234.5  │ 1.75   │ 1.75 │ 59.5   │ 0    │ 50    │ 10.25   │ 0     │ 68.5  │ 0.52 │ 0.78 │ 0.03 │ '1/1/1'       │
└─────────┴────────────┴───────┴──────┴──────────┴─────────┴────────┴──────┴────────┴──────┴───────┴─────────┴───────┴───────┴──────┴──────┴──────┴───────────────┘
Saved E:\列乌尼斯\鱼友乐园\dusk-tavern\qa\growth-benchmark.json
